// Jest Snapshot v1, https://goo.gl/fbAQLP

exports[`ContactOption Component Rendering matches snapshot 1`] = `
<View
  accessibilityState={
    {
      "busy": undefined,
      "checked": undefined,
      "disabled": undefined,
      "expanded": undefined,
      "selected": undefined,
    }
  }
  accessibilityValue={
    {
      "max": undefined,
      "min": undefined,
      "now": undefined,
      "text": undefined,
    }
  }
  accessible={true}
  collapsable={false}
  focusable={true}
  onClick={[Function]}
  onResponderGrant={[Function]}
  onResponderMove={[Function]}
  onResponderRelease={[Function]}
  onResponderTerminate={[Function]}
  onResponderTerminationRequest={[Function]}
  onStartShouldSetResponder={[Function]}
  style={
    {
      "opacity": 1,
    }
  }
>
  <View
    className="flex-row justify-start items-center gap-4 py-2 px-1"
  >
    <View
      className="w-6 items-center"
    >
      <Text
        testID="contact-icon"
      >
        phone
      </Text>
    </View>
    <Text
      className="text-base text-gray-800 flex-1"
    >
      Call Support
    </Text>
  </View>
</View>
`;
